[hasnaanajmi.com/env/Evet/index.html]
[backblue.gif]
[fade.gif]
[index.html]
[hasnaanajmi.com/env/Evet/images/icon.png]
[hasnaanajmi.com/env/Evet/css/font-awesome.min.css]
[hasnaanajmi.com/env/Evet/fonts/flaticon.css]
[hasnaanajmi.com/env/Evet/css/magnific-popup.css]
[hasnaanajmi.com/env/Evet/css/bootstrap.min.css]
[hasnaanajmi.com/env/Evet/css/main.css]
[hasnaanajmi.com/env/Evet/css/colors/gold_color.css]
[hasnaanajmi.com/env/Evet/images/about.jpg]
[hasnaanajmi.com/env/Evet/images/portfolio/item-1.jpg]
[hasnaanajmi.com/env/Evet/images/portfolio/item-2.jpg]
[hasnaanajmi.com/env/Evet/images/portfolio/item-3.jpg]
[hasnaanajmi.com/env/Evet/images/portfolio/item-4.jpg]
[hasnaanajmi.com/env/Evet/images/portfolio/item-5.jpg]
[hasnaanajmi.com/env/Evet/images/portfolio/item-6.jpg]
[hasnaanajmi.com/env/Evet/images/blog/1.jpg]
[hasnaanajmi.com/env/Evet/blog-single.html]
[hasnaanajmi.com/env/Evet/images/blog/2.jpg]
[hasnaanajmi.com/env/Evet/blog.html]
[hasnaanajmi.com/env/Evet/js/jquery-3.2.1.min.js]
[hasnaanajmi.com/env/Evet/js/popper.min.js]
[hasnaanajmi.com/env/Evet/js/bootstrap.min.js]
[hasnaanajmi.com/env/Evet/js/jquery.filterizr.js]
[hasnaanajmi.com/env/Evet/js/jquery.magnific-popup.min.js]
[hasnaanajmi.com/env/Evet/js/custom.js]
[img6.wsimg.com/wrhs/5c3e20ad749ddb088afc84b1b7ff009e/tccl.min.js]
[hasnaanajmi.com/env/Evet/index.html]
[hasnaanajmi.com/env/Evet/fonts/fontawesome-webfont3e6e.eot]
[hasnaanajmi.com/env/Evet/fonts/fontawesome-webfontd41d.eot]
[hasnaanajmi.com/env/Evet/fonts/fontawesome-webfont3e6e.woff2]
[hasnaanajmi.com/env/Evet/fonts/fontawesome-webfont3e6e.woff]
[hasnaanajmi.com/env/Evet/fonts/fontawesome-webfont3e6e.ttf]
[hasnaanajmi.com/env/Evet/css/font-awesome.min.css]
[hasnaanajmi.com/env/Evet/fonts/Flaticon.eot]
[hasnaanajmi.com/env/Evet/fonts/Flaticond41d.eot]
[hasnaanajmi.com/env/Evet/fonts/Flaticon.woff2]
[hasnaanajmi.com/env/Evet/fonts/Flaticon.woff]
[hasnaanajmi.com/env/Evet/fonts/Flaticon.ttf]
[hasnaanajmi.com/env/Evet/fonts/flaticon.css]
[hasnaanajmi.com/env/Evet/css/magnific-popup.css]
[hasnaanajmi.com/env/Evet/css/bootstrap.min.css]
[hasnaanajmi.com/env/Evet/images/bg-over.png]
[hasnaanajmi.com/env/Evet/images/home.jpg]
[hasnaanajmi.com/env/Evet/images/pattern.png]
[hasnaanajmi.com/env/Evet/css/main.css]
[hasnaanajmi.com/env/Evet/css/colors/gold_color.css]
[hasnaanajmi.com/env/Evet/css/inner-pages.css]
[hasnaanajmi.com/env/Evet/index-2.html]
[hasnaanajmi.com/env/Evet/images/blog/5.jpg]
[hasnaanajmi.com/env/Evet/images/comments/1.jpg]
[hasnaanajmi.com/env/Evet/images/comments/2.jpg]
[hasnaanajmi.com/env/Evet/images/comments/3.jpg]
[hasnaanajmi.com/env/Evet/images/blog/3.jpg]
[hasnaanajmi.com/env/Evet/images/blog/4.jpg]
[hasnaanajmi.com/env/Evet/blog-single.html]
[hasnaanajmi.com/env/Evet/blog.html]
[hasnaanajmi.com/env/Evet/fonts/fontawesome-webfont3e6e.svg]
[hasnaanajmi.com/env/Evet/fonts/Flaticon.svg]
[hasnaanajmi.com/env/Evet/css/inner-pages.css]
[hasnaanajmi.com/env/Evet/index-2.html]
[hasnaanajmi.com/env/Evet/fonts/fontawesome-webfont3e6e.eot]
